/usr/local/lib/python3.12/dist-packages/gradio/routes.py:1379: StarletteDeprecationWarning: 'HTTP_422_UNPROCESSABLE_ENTITY' is deprecated. Use 'HTTP_422_UNPROCESSABLE_CONTENT' instead.
  return await queue_join_helper(body, request, username)
/usr/local/lib/python3.12/dist-packages/gradio/routes.py:1379: StarletteDeprecationWarning: 'HTTP_422_UNPROCESSABLE_ENTITY' is deprecated. Use 'HTTP_422_UNPROCESSABLE_CONTENT' instead.
  return await queue_join_helper(body, request, username)
/usr/local/lib/python3.12/dist-packages/gradio/routes.py:1379: StarletteDeprecationWarning: 'HTTP_422_UNPROCESSABLE_ENTITY' is deprecated. Use 'HTTP_422_UNPROCESSABLE_CONTENT' instead.
  return await queue_join_helper(body, request, username)
/usr/local/lib/python3.12/dist-packages/gradio/routes.py:1379: StarletteDeprecationWarning: 'HTTP_422_UNPROCESSABLE_ENTITY' is deprecated. Use 'HTTP_422_UNPROCESSABLE_CONTENT' instead.
  return await queue_join_helper(body, request, username)
/usr/local/lib/python3.12/dist-packages/gradio/routes.py:1379: StarletteDeprecationWarning: 'HTTP_422_UNPROCESSABLE_ENTITY' is deprecated. Use 'HTTP_422_UNPROCESSABLE_CONTENT' instead.
  return await queue_join_helper(body, request, username)
/usr/local/lib/python3.12/dist-packages/gradio/routes.py:1379: StarletteDeprecationWarning: 'HTTP_422_UNPROCESSABLE_ENTITY' is deprecated. Use 'HTTP_422_UNPROCESSABLE_CONTENT' instead.
  return await queue_join_helper(body, request, username)
/usr/local/lib/python3.12/dist-packages/gradio/routes.py:1379: StarletteDeprecationWarning: 'HTTP_422_UNPROCESSABLE_ENTITY' is deprecated. Use 'HTTP_422_UNPROCESSABLE_CONTENT' instead.
  return await queue_join_helper(body, request, username)
/usr/local/lib/python3.12/dist-packages/gradio/routes.py:1379: StarletteDeprecationWarning: 'HTTP_422_UNPROCESSABLE_ENTITY' is deprecated. Use 'HTTP_422_UNPROCESSABLE_CONTENT' instead.
  return await queue_join_helper(body, request, username)
Failed to parse JSON from rca_agent: {
  "root_cause": "The application is experiencing a memory leak which is causing the heap exhaustion and subsequent out-of-memory conditions.",
  "root_cause_category": "application",
  "evidence_chain": [
    "application heap exhausted — OutOfMemory",
    "killed process by OOM Killer",
    "memo
Salvaged partial JSON from rca_agent via fallback (recovered 9 fields)
Critique failed (continuing without): string indices must be integers, not 'str'
Failed to parse JSON from remediation_agent: {
  "recommended_actions": [
    {
      "step": 1,
      "tool_name": "flush_cache",
      "parameters": {"cache_type": "application", "service_name": "web-server-01"},
      "rationale": "Flush the application cache to free up memory.",
      "risk_level": "low",
      "requires_approval": false,

Salvaged partial JSON from remediation_agent (recovered 2 fields)
/usr/local/lib/python3.12/dist-packages/gradio/routes.py:1379: StarletteDeprecationWarning: 'HTTP_422_UNPROCESSABLE_ENTITY' is deprecated. Use 'HTTP_422_UNPROCESSABLE_CONTENT' instead.
  return await queue_join_helper(body, request, username)
/usr/local/lib/python3.12/dist-packages/gradio/routes.py:1379: StarletteDeprecationWarning: 'HTTP_422_UNPROCESSABLE_ENTITY' is deprecated. Use 'HTTP_422_UNPROCESSABLE_CONTENT' instead.
  return await queue_join_helper(body, request, username)
Failed to parse JSON from rca_agent: {
  "root_cause": "Deployment of a new version with bugs causing API gateway errors and cascading failures.",
  "root_cause_category": "application",
  "evidence_chain": [
    "Error rate spike on api-gw-01: 56.0% (baseline: 46.0%)",
    "[CRITICAL] application: order submission error rate at 100%",
Salvaged partial JSON from rca_agent (recovered 8 fields)
Critique failed (continuing without): string indices must be integers, not 'str'
Failed to parse JSON from remediation_agent: {
  "recommended_actions": [
    {
      "step": 1,
      "tool_name": "rollback_deployment",
      "parameters": {
        "service_name": "api-gw-01",
        "target_version": "previous"
      },
      "rationale": "Rollback to the previous stable version to resolve the error rate spike and criti
Salvaged partial JSON from remediation_agent (recovered 2 fields)
/usr/local/lib/python3.12/dist-packages/gradio/routes.py:1379: StarletteDeprecationWarning: 'HTTP_422_UNPROCESSABLE_ENTITY' is deprecated. Use 'HTTP_422_UNPROCESSABLE_CONTENT' instead.
  return await queue_join_helper(body, request, username)
Failed to parse JSON from rca_agent: {
  "root_cause": "Deployment of a new version with critical bugs causing API gateway and web servers to fail.",
  "root_cause_category": "application",
  "evidence_chain": [
    "P1 error_rate_spike api-gw-01 'Error rate spike on api-gw-01: 56.0% (baseline: 46.0%)' conf=0.99",
    "P1 log_critical 
Salvaged partial JSON from rca_agent (recovered 8 fields)
Critique failed (continuing without): string indices must be integers, not 'str'
Failed to parse JSON from remediation_agent: {
  "recommended_actions": [
    {
      "step": 1,
      "tool_name": "rollback_deployment",
      "parameters": {
        "service_name": "api-gw-01",
        "target_version": "previous_stable_version"
      },
      "rationale": "Rollback to the last stable version of the API gateway to restore 
Salvaged partial JSON from remediation_agent via fallback (recovered 2 fields)
SafetyGuard blocked 1 action(s): ['older_than_days must be >= 1 to prevent accidental mass deletion.']
Failed to parse JSON from triage_agent: [
    {"severity":"P1","severity_label":"Critical","category":"application","impact_assessment":"Error rate spike on api-gw-01 to 56.0%, significantly above baseline of 46.0%.","affected_services":["api-gw-01"],"urgency_reasoning":"High error rate causing potential service unavailability.","confiden
Could not salvage truncated JSON from triage_agent: list indices must be integers or slices, not str
Failed to parse JSON from rca_agent: {
  "root_cause": "Error rate spike and CPU/Memory anomalies on api-gw-01 indicate a potential issue with the API gateway service.",
  "root_cause_category": "infrastructure",
  "evidence_chain": [
    "Error rate spike on api-gw-01: 56.0% (baseline: 46.0%)",
    "CPU utilization anomaly on api-gw-0
Salvaged partial JSON from rca_agent (recovered 8 fields)
Critique failed (continuing without): string indices must be integers, not 'str'
Failed to parse JSON from remediation_agent: {
  "recommended_actions": [
    {
      "step": 1,
      "tool_name": "scale_resources",
      "parameters": {
        "resource_type": "cpu",
        "target_value": 2,
        "unit": "core"
      },
      "rationale": "Increase CPU resources to handle the increased load and error rate.",
      "
Salvaged partial JSON from remediation_agent (recovered 2 fields)
Failed to parse JSON from rca_agent: {
  "root_cause": "Error rate spike on api-gw-01 after a recent deployment",
  "root_cause_category": "application",
  "evidence_chain": [
    "Error rate spike on api-gw-01: 56.0% (baseline: 46.0%)",
    "CPU utilization anomaly on api-gw-01: 24.3 (z-score=2.72 th)",
    "Memory usage anomaly on ap
Salvaged partial JSON from rca_agent (recovered 10 fields)
Critique failed (continuing without): string indices must be integers, not 'str'
Failed to parse JSON from remediation_agent: {
  "recommended_actions": [
    {
      "step": 1,
      "tool_name": "rollback_deployment",
      "parameters": {
        "service_name": "api-gw-01",
        "target_version": "previous"
      },
      "rationale": "Rollback to the previous stable version to mitigate the error rate spike.",
     
Salvaged partial JSON from remediation_agent (recovered 2 fields)
/usr/local/lib/python3.12/dist-packages/gradio/routes.py:1379: StarletteDeprecationWarning: 'HTTP_422_UNPROCESSABLE_ENTITY' is deprecated. Use 'HTTP_422_UNPROCESSABLE_CONTENT' instead.
  return await queue_join_helper(body, request, username)
/usr/local/lib/python3.12/dist-packages/gradio/routes.py:1379: StarletteDeprecationWarning: 'HTTP_422_UNPROCESSABLE_ENTITY' is deprecated. Use 'HTTP_422_UNPROCESSABLE_CONTENT' instead.
  return await queue_join_helper(body, request, username)
/usr/local/lib/python3.12/dist-packages/gradio/routes.py:1379: StarletteDeprecationWarning: 'HTTP_422_UNPROCESSABLE_ENTITY' is deprecated. Use 'HTTP_422_UNPROCESSABLE_CONTENT' instead.
  return await queue_join_helper(body, request, username)
/usr/local/lib/python3.12/dist-packages/gradio/routes.py:1379: StarletteDeprecationWarning: 'HTTP_422_UNPROCESSABLE_ENTITY' is deprecated. Use 'HTTP_422_UNPROCESSABLE_CONTENT' instead.
  return await queue_join_helper(body, request, username)
/usr/local/lib/python3.12/dist-packages/gradio/routes.py:1379: StarletteDeprecationWarning: 'HTTP_422_UNPROCESSABLE_ENTITY' is deprecated. Use 'HTTP_422_UNPROCESSABLE_CONTENT' instead.
  return await queue_join_helper(body, request, username)